// Jest Snapshot v1, https://goo.gl/fbAQLP

exports[`test toggle method and on click event on click event 1`] = `
[MockFunction] {
  "calls": Array [
    Array [
      Array [
        Object {
          "child": "A",
          "text": undefined,
          "value": "1",
        },
      ],
    ],
  ],
  "results": Array [
    Object {
      "type": "return",
      "value": undefined,
    },
  ],
}
`;
